mode: atomic
github.com/windy/caatsm-dashboard/cmd/generate-test-data/main.go:36.53,41.29 4 0
github.com/windy/caatsm-dashboard/cmd/generate-test-data/main.go:41.29,54.18 8 0
github.com/windy/caatsm-dashboard/cmd/generate-test-data/main.go:54.18,56.4 1 0
github.com/windy/caatsm-dashboard/cmd/generate-test-data/main.go:58.3,68.4 1 0
github.com/windy/caatsm-dashboard/cmd/generate-test-data/main.go:71.2,71.18 1 0
github.com/windy/caatsm-dashboard/cmd/generate-test-data/main.go:74.13,85.16 5 0
github.com/windy/caatsm-dashboard/cmd/generate-test-data/main.go:85.16,88.3 2 0
github.com/windy/caatsm-dashboard/cmd/generate-test-data/main.go:90.2,95.16 4 0
github.com/windy/caatsm-dashboard/cmd/generate-test-data/main.go:95.16,97.3 1 0
github.com/windy/caatsm-dashboard/cmd/generate-test-data/main.go:98.2,103.12 3 0
github.com/windy/caatsm-dashboard/cmd/generate-test-data/main.go:103.12,106.17 3 0
github.com/windy/caatsm-dashboard/cmd/generate-test-data/main.go:106.17,108.4 1 0
github.com/windy/caatsm-dashboard/cmd/generate-test-data/main.go:109.3,109.44 1 0
github.com/windy/caatsm-dashboard/cmd/generate-test-data/main.go:113.2,118.55 4 0
github.com/windy/caatsm-dashboard/cmd/generate-test-data/main.go:118.55,120.3 1 0
github.com/windy/caatsm-dashboard/cmd/generate-test-data/main.go:122.2,122.75 1 0
github.com/windy/caatsm-dashboard/cmd/publish-stream/main.go:40.53,50.17 6 0
github.com/windy/caatsm-dashboard/cmd/publish-stream/main.go:50.17,52.3 1 0
github.com/windy/caatsm-dashboard/cmd/publish-stream/main.go:54.2,64.3 1 0
github.com/windy/caatsm-dashboard/cmd/publish-stream/main.go:67.101,70.16 2 0
github.com/windy/caatsm-dashboard/cmd/publish-stream/main.go:70.16,72.3 1 0
github.com/windy/caatsm-dashboard/cmd/publish-stream/main.go:75.2,77.16 3 0
github.com/windy/caatsm-dashboard/cmd/publish-stream/main.go:77.16,79.3 1 0
github.com/windy/caatsm-dashboard/cmd/publish-stream/main.go:81.2,88.12 2 0
github.com/windy/caatsm-dashboard/cmd/publish-stream/main.go:91.13,105.16 6 0
github.com/windy/caatsm-dashboard/cmd/publish-stream/main.go:105.16,108.3 2 0
github.com/windy/caatsm-dashboard/cmd/publish-stream/main.go:111.2,121.16 5 0
github.com/windy/caatsm-dashboard/cmd/publish-stream/main.go:121.16,123.3 1 0
github.com/windy/caatsm-dashboard/cmd/publish-stream/main.go:124.2,136.16 4 0
github.com/windy/caatsm-dashboard/cmd/publish-stream/main.go:136.16,139.17 2 0
github.com/windy/caatsm-dashboard/cmd/publish-stream/main.go:139.17,141.4 1 0
github.com/windy/caatsm-dashboard/cmd/publish-stream/main.go:144.2,161.6 8 0
github.com/windy/caatsm-dashboard/cmd/publish-stream/main.go:161.6,162.10 1 0
github.com/windy/caatsm-dashboard/cmd/publish-stream/main.go:163.18,165.10 2 0
github.com/windy/caatsm-dashboard/cmd/publish-stream/main.go:167.19,169.32 1 0
github.com/windy/caatsm-dashboard/cmd/publish-stream/main.go:169.32,173.65 3 0
github.com/windy/caatsm-dashboard/cmd/publish-stream/main.go:173.65,175.14 2 0
github.com/windy/caatsm-dashboard/cmd/publish-stream/main.go:179.5,179.40 1 0
github.com/windy/caatsm-dashboard/cmd/publish-stream/main.go:179.40,182.6 2 0
